// Jest Snapshot v1, https://goo.gl/fbAQLP

exports[`Header component renders the Component 1`] = `
<Fragment>
  <h1
    className="text-center mb-3 mt-3"
  >
    <Link
      replace={false}
      to="/"
    >
      Portfolio Builder
    </Link>
  </h1>
  <nav
    className="Header mb-3"
  >
    <div
      className="Header__logged-in"
    >
      <Link
        replace={false}
        to="/login"
      >
        LogIn
      </Link>
      <Link
        replace={false}
        to="/register"
      >
        Register
      </Link>
    </div>
  </nav>
</Fragment>
`;
